lsblk
NAME   MAJ:MIN RM  SIZE RO TYPE MOUNTPOINT
sda      8:0    0  512M  0 disk 
sdb      8:16   0  512M  0 disk 
sdc      8:32   0  512M  0 disk 
sdd      8:48   0  512M  0 disk 
sde      8:64   0  512M  0 disk 
sdf      8:80   0  512M  0 disk 
sdg      8:96   0  512M  0 disk 
sdh      8:112  0  512M  0 disk 
sdi      8:128  0  512M  0 disk 
sdj      8:144  0   40G  0 disk 
`-sdj1   8:145  0   40G  0 part /
[vagrant@zfs ~]$ sudo -i
[root@zfs ~]# zpool create otus1 mirror /dev/sdb /dev/sdc
[root@zfs ~]# zpool create otus2 mirror /dev/sdd /dev/sde
[root@zfs ~]# zpool create otus3 mirror /dev/sdf /dev/sdg
[root@zfs ~]# zpool create otus4 mirror /dev/sdh /dev/sdi
[root@zfs ~]# zpool list
NAME    SIZE  ALLOC   FREE  CKPOINT  EXPANDSZ   FRAG    CAP  DEDUP    HEALTH  ALTROOT
otus1   480M  91.5K   480M        -         -     0%     0%  1.00x    ONLINE  -
otus2   480M  91.5K   480M        -         -     0%     0%  1.00x    ONLINE  -
otus3   480M  91.5K   480M        -         -     0%     0%  1.00x    ONLINE  -
otus4   480M  91.5K   480M        -         -     0%     0%  1.00x    ONLINE  -
[root@zfs ~]# zpool status
  pool: otus1
 state: ONLINE
  scan: none requested
config:

	NAME        STATE     READ WRITE CKSUM
	otus1       ONLINE       0     0     0
	  mirror-0  ONLINE       0     0     0
	    sdb     ONLINE       0     0     0
	    sdc     ONLINE       0     0     0

errors: No known data errors

  pool: otus2
 state: ONLINE
  scan: none requested
config:

	NAME        STATE     READ WRITE CKSUM
	otus2       ONLINE       0     0     0
	  mirror-0  ONLINE       0     0     0
	    sdd     ONLINE       0     0     0
	    sde     ONLINE       0     0     0

errors: No known data errors

  pool: otus3
 state: ONLINE
  scan: none requested
config:

	NAME        STATE     READ WRITE CKSUM
	otus3       ONLINE       0     0     0
	  mirror-0  ONLINE       0     0     0
	    sdf     ONLINE       0     0     0
	    sdg     ONLINE       0     0     0

errors: No known data errors

  pool: otus4
 state: ONLINE
  scan: none requested
config:

	NAME        STATE     READ WRITE CKSUM
	otus4       ONLINE       0     0     0
	  mirror-0  ONLINE       0     0     0
	    sdh     ONLINE       0     0     0
	    sdi     ONLINE       0     0     0

errors: No known data errors
[root@zfs ~]# zfs set compression=lzjb otus1
[root@zfs ~]# zfs set compression=lz4 otus2
[root@zfs ~]# zfs set compression=gzip-9 otus3
[root@zfs ~]# zfs set compression=zle otus4
[root@zfs ~]# zfs get all | grep compression
otus1  compression           lzjb                   local
otus2  compression           lz4                    local
otus3  compression           gzip-9                 local
otus4  compression           zle                    local
[root@zfs ~]# for i in {1..4}; do wget -P /otus$i https://gutenberg.org/cache/epub/2600/pg2600.converter.log; done
--2023-01-25 20:31:03--  https://gutenberg.org/cache/epub/2600/pg2600.converter.log
Resolving gutenberg.org (gutenberg.org)... 152.19.134.47, 2610:28:3090:3000:0:bad:cafe:47
Connecting to gutenberg.org (gutenberg.org)|152.19.134.47|:443... connected.
HTTP request sent, awaiting response... 200 OK
Length: 40894017 (39M) [text/plain]
Saving to: '/otus1/pg2600.converter.log'

100%[========================================================================================================================================================================================================================================>] 40,894,017  1.67MB/s   in 22s    

2023-01-25 20:31:26 (1.74 MB/s) - '/otus1/pg2600.converter.log' saved [40894017/40894017]

--2023-01-25 20:31:26--  https://gutenberg.org/cache/epub/2600/pg2600.converter.log
Resolving gutenberg.org (gutenberg.org)... 152.19.134.47, 2610:28:3090:3000:0:bad:cafe:47
Connecting to gutenberg.org (gutenberg.org)|152.19.134.47|:443... connected.
HTTP request sent, awaiting response... 200 OK
Length: 40894017 (39M) [text/plain]
Saving to: '/otus2/pg2600.converter.log'

100%[========================================================================================================================================================================================================================================>] 40,894,017  2.85MB/s   in 20s    

2023-01-25 20:31:46 (1.99 MB/s) - '/otus2/pg2600.converter.log' saved [40894017/40894017]

--2023-01-25 20:31:46--  https://gutenberg.org/cache/epub/2600/pg2600.converter.log
Resolving gutenberg.org (gutenberg.org)... 152.19.134.47, 2610:28:3090:3000:0:bad:cafe:47
Connecting to gutenberg.org (gutenberg.org)|152.19.134.47|:443... connected.
HTTP request sent, awaiting response... 200 OK
Length: 40894017 (39M) [text/plain]
Saving to: '/otus3/pg2600.converter.log'

100%[========================================================================================================================================================================================================================================>] 40,894,017  1.36MB/s   in 23s    

2023-01-25 20:32:11 (1.68 MB/s) - '/otus3/pg2600.converter.log' saved [40894017/40894017]

--2023-01-25 20:32:11--  https://gutenberg.org/cache/epub/2600/pg2600.converter.log
Resolving gutenberg.org (gutenberg.org)... 152.19.134.47, 2610:28:3090:3000:0:bad:cafe:47
Connecting to gutenberg.org (gutenberg.org)|152.19.134.47|:443... connected.
HTTP request sent, awaiting response... 200 OK
Length: 40894017 (39M) [text/plain]
Saving to: '/otus4/pg2600.converter.log'

100%[========================================================================================================================================================================================================================================>] 40,894,017  2.31MB/s   in 20s    

2023-01-25 20:32:33 (2.00 MB/s) - '/otus4/pg2600.converter.log' saved [40894017/40894017]

[root@zfs ~]# ls -l /otus*
/otus1:
total 22036
-rw-r--r--. 1 root root 40894017 Jan  2 09:19 pg2600.converter.log

/otus2:
total 17981
-rw-r--r--. 1 root root 40894017 Jan  2 09:19 pg2600.converter.log

/otus3:
total 10953
-rw-r--r--. 1 root root 40894017 Jan  2 09:19 pg2600.converter.log

/otus4:
total 39963
-rw-r--r--. 1 root root 40894017 Jan  2 09:19 pg2600.converter.log
[root@zfs ~]# zfs list
NAME    USED  AVAIL     REFER  MOUNTPOINT
otus1  21.6M   330M     21.5M  /otus1
otus2  17.7M   334M     17.6M  /otus2
otus3  10.8M   341M     10.7M  /otus3
otus4  39.1M   313M     39.0M  /otus4
root@zfs ~]# zfs get all | grep compressratio | grep -v ref
otus1  compressratio         1.81x                  -
otus2  compressratio         2.22x                  -
otus3  compressratio         3.64x                  -
otus4  compressratio         1.00x                  -
[root@zfs vagrant]# wget -O archive.tar.gz https://drive.google.com/u/0/uc?id=1KRBNW33QWqbvbVHa3hLJivOAt60yukkg
--2023-01-25 20:46:49--  https://drive.google.com/u/0/uc?id=1KRBNW33QWqbvbVHa3hLJivOAt60yukkg
Resolving drive.google.com (drive.google.com)... 142.250.180.174, 2a00:1450:4002:403::200e
Connecting to drive.google.com (drive.google.com)|142.250.180.174|:443... connected.
HTTP request sent, awaiting response... 302 Found
Location: https://drive.google.com/uc?id=1KRBNW33QWqbvbVHa3hLJivOAt60yukkg [following]
--2023-01-25 20:46:49--  https://drive.google.com/uc?id=1KRBNW33QWqbvbVHa3hLJivOAt60yukkg
Reusing existing connection to drive.google.com:443.
HTTP request sent, awaiting response... 303 See Other
Location: https://doc-0c-bo-docs.googleusercontent.com/docs/securesc/ha0ro937gcuc7l7deffksulhg5h7mbp1/3b8qdf6isla8pdbaecdmq265biq3u14p/1674679575000/16189157874053420687/*/1KRBNW33QWqbvbVHa3hLJivOAt60yukkg?uuid=f7667c7f-8304-40fe-a9f0-3a1f366a656e [following]
Warning: wildcards not supported in HTTP.
--2023-01-25 20:46:59--  https://doc-0c-bo-docs.googleusercontent.com/docs/securesc/ha0ro937gcuc7l7deffksulhg5h7mbp1/3b8qdf6isla8pdbaecdmq265biq3u14p/1674679575000/16189157874053420687/*/1KRBNW33QWqbvbVHa3hLJivOAt60yukkg?uuid=f7667c7f-8304-40fe-a9f0-3a1f366a656e
Resolving doc-0c-bo-docs.googleusercontent.com (doc-0c-bo-docs.googleusercontent.com)... 142.250.184.33, 2a00:1450:4002:404::2001
Connecting to doc-0c-bo-docs.googleusercontent.com (doc-0c-bo-docs.googleusercontent.com)|142.250.184.33|:443... connected.
HTTP request sent, awaiting response... 200 OK
Length: 7275140 (6.9M) [application/x-gzip]
Saving to: 'archive.tar.gz'

100%[========================================================================================================================================================================================================================================>] 7,275,140   6.83MB/s   in 1.0s   

2023-01-25 20:47:00 (6.83 MB/s) - 'archive.tar.gz' saved [7275140/7275140]

[root@zfs ~]# tar -xzvf archive.tar.gz 
zpoolexport/
zpoolexport/filea
zpoolexport/fileb
[root@zfs ~]# zpool import -d zpoolexport/
   pool: otus
     id: 6554193320433390805
  state: ONLINE
 action: The pool can be imported using its name or numeric identifier.
 config:

	otus                         ONLINE
	  mirror-0                   ONLINE
	    /root/zpoolexport/filea  ONLINE
	    /root/zpoolexport/fileb  ONLINE
[root@zfs ~]# zpool import -d zpoolexport/ otus
[root@zfs ~]# zpool status
  pool: otus
 state: ONLINE
  scan: none requested
config:

	NAME                         STATE     READ WRITE CKSUM
	otus                         ONLINE       0     0     0
	  mirror-0                   ONLINE       0     0     0
	    /root/zpoolexport/filea  ONLINE       0     0     0
	    /root/zpoolexport/fileb  ONLINE       0     0     0

errors: No known data errors

  pool: otus1
 state: ONLINE
  scan: none requested
config:

	NAME        STATE     READ WRITE CKSUM
	otus1       ONLINE       0     0     0
	  mirror-0  ONLINE       0     0     0
	    sdb     ONLINE       0     0     0
	    sdc     ONLINE       0     0     0

errors: No known data errors

  pool: otus2
 state: ONLINE
  scan: none requested
config:

	NAME        STATE     READ WRITE CKSUM
	otus2       ONLINE       0     0     0
	  mirror-0  ONLINE       0     0     0
	    sdd     ONLINE       0     0     0
	    sde     ONLINE       0     0     0

errors: No known data errors

  pool: otus3
 state: ONLINE
  scan: none requested
config:

	NAME        STATE     READ WRITE CKSUM
	otus3       ONLINE       0     0     0
	  mirror-0  ONLINE       0     0     0
	    sdf     ONLINE       0     0     0
	    sdg     ONLINE       0     0     0

errors: No known data errors

  pool: otus4
 state: ONLINE
  scan: none requested
config:

	NAME        STATE     READ WRITE CKSUM
	otus4       ONLINE       0     0     0
	  mirror-0  ONLINE       0     0     0
	    sdh     ONLINE       0     0     0
	    sdi     ONLINE       0     0     0

errors: No known data errors
[root@zfs ~]# zpool get all otus
NAME  PROPERTY                       VALUE                          SOURCE
otus  size                           480M                           -
otus  capacity                       0%                             -
otus  altroot                        -                              default
otus  health                         ONLINE                         -
otus  guid                           6554193320433390805            -
otus  version                        -                              default
otus  bootfs                         -                              default
otus  delegation                     on                             default
otus  autoreplace                    off                            default
otus  cachefile                      -                              default
otus  failmode                       wait                           default
otus  listsnapshots                  off                            default
otus  autoexpand                     off                            default
otus  dedupditto                     0                              default
otus  dedupratio                     1.00x                          -
otus  free                           478M                           -
otus  allocated                      2.09M                          -
otus  readonly                       off                            -
otus  ashift                         0                              default
otus  comment                        -                              default
otus  expandsize                     -                              -
otus  freeing                        0                              -
otus  fragmentation                  0%                             -
otus  leaked                         0                              -
otus  multihost                      off                            default
otus  checkpoint                     -                              -
otus  load_guid                      5040731799000858628            -
otus  autotrim                       off                            default
otus  feature@async_destroy          enabled                        local
otus  feature@empty_bpobj            active                         local
otus  feature@lz4_compress           active                         local
otus  feature@multi_vdev_crash_dump  enabled                        local
otus  feature@spacemap_histogram     active                         local
otus  feature@enabled_txg            active                         local
otus  feature@hole_birth             active                         local
otus  feature@extensible_dataset     active                         local
otus  feature@embedded_data          active                         local
otus  feature@bookmarks              enabled                        local
otus  feature@filesystem_limits      enabled                        local
otus  feature@large_blocks           enabled                        local
otus  feature@large_dnode            enabled                        local
otus  feature@sha512                 enabled                        local
otus  feature@skein                  enabled                        local
otus  feature@edonr                  enabled                        local
otus  feature@userobj_accounting     active                         local
otus  feature@encryption             enabled                        local
otus  feature@project_quota          active                         local
otus  feature@device_removal         enabled                        local
otus  feature@obsolete_counts        enabled                        local
otus  feature@zpool_checkpoint       enabled                        local
otus  feature@spacemap_v2            active                         local
otus  feature@allocation_classes     enabled                        local
otus  feature@resilver_defer         enabled                        local
otus  feature@bookmark_v2            enabled                        local
[root@zfs ~]# zfs get available otus
NAME  PROPERTY   VALUE  SOURCE
otus  available  350M   -
[root@zfs ~]# zfs get readonly otus
NAME  PROPERTY  VALUE   SOURCE
otus  readonly  off     default
[root@zfs ~]# zfs get compression otus
NAME  PROPERTY     VALUE     SOURCE
otus  compression  zle       local
[root@zfs ~]# zfs get checksum otus
NAME  PROPERTY  VALUE      SOURCE
otus  checksum  sha256     local
[root@zfs ~]# get -O otus_task2.file --no-check-certificate 'https://drive.google.com/u/0/uc?id=1gH8gCL9y7Nd5Ti3IRmplZPF1XjzxeRAG&export=download'
-bash: get: command not found
[root@zfs ~]# wget -O otus_task2.file --no-check-certificate 'https://drive.google.com/u/0/uc?id=1gH8gCL9y7Nd5Ti3IRmplZPF1XjzxeRAG&export=download'
--2023-01-25 20:52:04--  https://drive.google.com/u/0/uc?id=1gH8gCL9y7Nd5Ti3IRmplZPF1XjzxeRAG&export=download
Resolving drive.google.com (drive.google.com)... 142.250.180.174, 2a00:1450:4002:403::200e
Connecting to drive.google.com (drive.google.com)|142.250.180.174|:443... connected.
HTTP request sent, awaiting response... 302 Found
Location: https://drive.google.com/uc?id=1gH8gCL9y7Nd5Ti3IRmplZPF1XjzxeRAG&export=download [following]
--2023-01-25 20:52:05--  https://drive.google.com/uc?id=1gH8gCL9y7Nd5Ti3IRmplZPF1XjzxeRAG&export=download
Reusing existing connection to drive.google.com:443.
HTTP request sent, awaiting response... 303 See Other
Location: https://doc-00-bo-docs.googleusercontent.com/docs/securesc/ha0ro937gcuc7l7deffksulhg5h7mbp1/en5v51pvmkbotm9bq7doptu6rtac2kaf/1674679875000/16189157874053420687/*/1gH8gCL9y7Nd5Ti3IRmplZPF1XjzxeRAG?e=download&uuid=1be6e300-8553-4f68-9374-aea09c0e3358 [following]
Warning: wildcards not supported in HTTP.
--2023-01-25 20:52:09--  https://doc-00-bo-docs.googleusercontent.com/docs/securesc/ha0ro937gcuc7l7deffksulhg5h7mbp1/en5v51pvmkbotm9bq7doptu6rtac2kaf/1674679875000/16189157874053420687/*/1gH8gCL9y7Nd5Ti3IRmplZPF1XjzxeRAG?e=download&uuid=1be6e300-8553-4f68-9374-aea09c0e3358
Resolving doc-00-bo-docs.googleusercontent.com (doc-00-bo-docs.googleusercontent.com)... 142.250.184.33, 2a00:1450:4002:404::2001
Connecting to doc-00-bo-docs.googleusercontent.com (doc-00-bo-docs.googleusercontent.com)|142.250.184.33|:443... connected.
HTTP request sent, awaiting response... 200 OK
Length: 5432736 (5.2M) [application/octet-stream]
Saving to: 'otus_task2.file'

100%[========================================================================================================================================================================================================================================>] 5,432,736   7.11MB/s   in 0.7s   

2023-01-25 20:52:10 (7.11 MB/s) - 'otus_task2.file' saved [5432736/5432736]

[root@zfs ~]# zfs receive otus/test@today < otus_task2.file
[root@zfs ~]# find /otus/test -name "secret_message"
/otus/test/task1/file_mess/secret_message
[root@zfs ~]# cat /otus/test/task1/file_mese/secret_message
cat: /otus/test/task1/file_mese/secret_message: No such file or directory
[root@zfs ~]# cat /otus/test/task1/file_mess/secret_message
https://github.com/sindresorhus/awesome
